// Jest Snapshot v1, https://goo.gl/fbAQLP

exports[`should render expenseListItem 1`] = `
<Link
  className="list-item"
  replace={false}
  to="/edit/1"
>
  <div>
    <h3
      className="list-item__title"
    >
      rent
    </h3>
    <span
      className="list-item__sub-title"
    >
      December 31st, 1969
    </span>
  </div>
  <h3
    className="list-item__data"
  >
    $15.00
  </h3>
</Link>
`;
