// Jest Snapshot v1, https://goo.gl/fbAQLP

exports[`should render Header correctly 1`] = `
<header
  className="header"
>
  <div
    className="header-container"
  >
    <div
      className="content-container"
    >
      <h1>
        Expense-Ly
      </h1>
    </div>
  </div>
  <div
    className="nav-toolbox-separator"
  >
    <div
      className="content-container"
    >
      <div
        className="nav-container"
      >
        <div
          className="nav-links"
        >
          <NavLink
            activeClassName="is-active"
            ariaCurrent="true"
            className="nav-item"
            to="/dashboard"
          >
            Dashboard
          </NavLink>
          <NavLink
            activeClassName="is-active"
            ariaCurrent="true"
            className="nav-item"
            to="/help"
          >
            Help
          </NavLink>
        </div>
        <div
          className="nav-logout"
        >
          <button
            className="nav-item"
            onClick={[Function]}
          >
            Logout
          </button>
        </div>
      </div>
    </div>
  </div>
</header>
`;
